=> Booting Puma
=> Rails 8.1.2 application starting in development 
=> Run `bin/rails server --help` for more startup options
*** SIGUSR2 not implemented, signal based restart unavailable!
*** SIGUSR1 not implemented, signal based restart unavailable!
*** SIGHUP not implemented, signal based logs reopening unavailable!
Puma starting in single mode...
* Puma version: 7.2.0 ("On The Corner")
* Ruby version: ruby 3.4.8 (2025-12-17 revision 995b59f666) +PRISM [x64-mingw-ucrt]
*  Min threads: 3
*  Max threads: 3
*  Environment: development
*          PID: 22408
* Listening on http://0.0.0.0:3000
Use Ctrl-C to stop
Started GET "/up" for 127.0.0.1 at 2026-02-28 21:41:04 +0900
  [1m[36mActiveRecord::SchemaMigration Load (1.4ms)[0m  [1m[34mSELECT "schema_migrations"."version" FROM "schema_migrations" ORDER BY "schema_migrations"."version" ASC /*application='MeetingRails'*/[0m
Processing by Rails::HealthController#show as HTML
  Rendering html template
  Rendered html template (Duration: 0.0ms | GC: 0.0ms)
Completed 200 OK in 129ms (Views: 68.9ms | ActiveRecord: 0.0ms (0 queries, 0 cached) | GC: 0.0ms)


Started GET "/up" for 127.0.0.1 at 2026-02-28 21:41:53 +0900
Processing by Rails::HealthController#show as HTML
  Rendering html template
  Rendered html template (Duration: 0.0ms | GC: 0.0ms)
Completed 200 OK in 7ms (Views: 0.7ms | ActiveRecord: 0.0ms (0 queries, 0 cached) | GC: 0.0ms)


Started POST "/webhooks/stripe" for 127.0.0.1 at 2026-02-28 21:42:33 +0900
Processing by WebhooksController#stripe as XML
  Parameters: {"id" => "evt_1T5mqrRz6rKcQpf6LMrNrhSe", "object" => "event", "api_version" => "2026-02-25.clover", "created" => 1772282553, "data" => {"object" => {"id" => "cs_test_a136poSiBIC8De4j6egXSwKJMiX8JEV6j1BXQbya5eMTMpkFxNAPcXBTci", "object" => "checkout.session", "adaptive_pricing" => {"enabled" => true}, "after_expiration" => nil, "allow_promotion_codes" => nil, "amount_subtotal" => 3000, "amount_total" => 3000, "automatic_tax" => {"enabled" => false, "liability" => nil, "provider" => nil, "status" => nil}, "billing_address_collection" => nil, "branding_settings" => {"background_color" => "#ffffff", "border_style" => "rounded", "button_color" => "#0074d4", "display_name" => "New business sandbox", "font_family" => "default", "icon" => nil, "logo" => nil}, "cancel_url" => "https://httpbin.org/post", "client_reference_id" => nil, "client_secret" => "[FILTERED]", "collected_information" => nil, "consent" => nil, "consent_collection" => nil, "created" => 1772282550, "currency" => "usd", "currency_conversion" => nil, "custom_fields" => [], "custom_text" => {"after_submit" => nil, "shipping_address" => nil, "submit" => nil, "terms_of_service_acceptance" => nil}, "customer" => nil, "customer_account" => nil, "customer_creation" => "if_required", "customer_details" => {"address" => {"city" => "South San Francisco", "country" => "US", "line1" => "354 Oyster Point Blvd", "line2" => nil, "postal_code" => "94080", "state" => "CA"}, "business_name" => nil, "email" => "[FILTERED]", "individual_name" => nil, "name" => "Jenny Rosen", "phone" => nil, "tax_exempt" => "none", "tax_ids" => []}, "customer_email" => "[FILTERED]", "discounts" => [], "expires_at" => 1772368950, "invoice" => nil, "invoice_creation" => {"enabled" => false, "invoice_data" => {"account_tax_ids" => nil, "custom_fields" => nil, "description" => nil, "footer" => nil, "issuer" => nil, "metadata" => {}, "rendering_options" => nil}}, "livemode" => false, "locale" => nil, "metadata" => {"plan_id" => "2", "organization_id" => "1"}, "mode" => "payment", "origin_context" => nil, "payment_intent" => "pi_3T5mqqRz6rKcQpf60lTF6kHz", "payment_link" => nil, "payment_method_collection" => "if_required", "payment_method_configuration_details" => {"id" => "pmc_1T5mLwRz6rKcQpf6eIq6jQX2", "parent" => nil}, "payment_method_options" => {"card" => {"request_three_d_secure" => "automatic"}}, "payment_method_types" => ["card", "klarna", "link", "cashapp", "amazon_pay"], "payment_status" => "paid", "permissions" => nil, "phone_number_collection" => {"enabled" => false}, "recovered_from" => nil, "saved_payment_method_options" => nil, "setup_intent" => nil, "shipping_address_collection" => nil, "shipping_cost" => nil, "shipping_options" => [], "status" => "complete", "submit_type" => nil, "subscription" => nil, "success_url" => "https://httpbin.org/post", "total_details" => {"amount_discount" => 0, "amount_shipping" => 0, "amount_tax" => 0}, "ui_mode" => "hosted", "url" => nil, "wallet_options" => nil}}, "livemode" => false, "pending_webhooks" => 2, "request" => {"id" => nil, "idempotency_key" => "[FILTERED]"}, "type" => "checkout.session.completed", "webhook" => {"id" => "evt_1T5mqrRz6rKcQpf6LMrNrhSe", "object" => "event", "api_version" => "2026-02-25.clover", "created" => 1772282553, "data" => {"object" => {"id" => "cs_test_a136poSiBIC8De4j6egXSwKJMiX8JEV6j1BXQbya5eMTMpkFxNAPcXBTci", "object" => "checkout.session", "adaptive_pricing" => {"enabled" => true}, "after_expiration" => nil, "allow_promotion_codes" => nil, "amount_subtotal" => 3000, "amount_total" => 3000, "automatic_tax" => {"enabled" => false, "liability" => nil, "provider" => nil, "status" => nil}, "billing_address_collection" => nil, "branding_settings" => {"background_color" => "#ffffff", "border_style" => "rounded", "button_color" => "#0074d4", "display_name" => "New business sandbox", "font_family" => "default", "icon" => nil, "logo" => nil}, "cancel_url" => "https://httpbin.org/post", "client_reference_id" => nil, "client_secret" => "[FILTERED]", "collected_information" => nil, "consent" => nil, "consent_collection" => nil, "created" => 1772282550, "currency" => "usd", "currency_conversion" => nil, "custom_fields" => [], "custom_text" => {"after_submit" => nil, "shipping_address" => nil, "submit" => nil, "terms_of_service_acceptance" => nil}, "customer" => nil, "customer_account" => nil, "customer_creation" => "if_required", "customer_details" => {"address" => {"city" => "South San Francisco", "country" => "US", "line1" => "354 Oyster Point Blvd", "line2" => nil, "postal_code" => "94080", "state" => "CA"}, "business_name" => nil, "email" => "[FILTERED]", "individual_name" => nil, "name" => "Jenny Rosen", "phone" => nil, "tax_exempt" => "none", "tax_ids" => []}, "customer_email" => "[FILTERED]", "discounts" => [], "expires_at" => 1772368950, "invoice" => nil, "invoice_creation" => {"enabled" => false, "invoice_data" => {"account_tax_ids" => nil, "custom_fields" => nil, "description" => nil, "footer" => nil, "issuer" => nil, "metadata" => {}, "rendering_options" => nil}}, "livemode" => false, "locale" => nil, "metadata" => {"plan_id" => "2", "organization_id" => "1"}, "mode" => "payment", "origin_context" => nil, "payment_intent" => "pi_3T5mqqRz6rKcQpf60lTF6kHz", "payment_link" => nil, "payment_method_collection" => "if_required", "payment_method_configuration_details" => {"id" => "pmc_1T5mLwRz6rKcQpf6eIq6jQX2", "parent" => nil}, "payment_method_options" => {"card" => {"request_three_d_secure" => "automatic"}}, "payment_method_types" => ["card", "klarna", "link", "cashapp", "amazon_pay"], "payment_status" => "paid", "permissions" => nil, "phone_number_collection" => {"enabled" => false}, "recovered_from" => nil, "saved_payment_method_options" => nil, "setup_intent" => nil, "shipping_address_collection" => nil, "shipping_cost" => nil, "shipping_options" => [], "status" => "complete", "submit_type" => nil, "subscription" => nil, "success_url" => "https://httpbin.org/post", "total_details" => {"amount_discount" => 0, "amount_shipping" => 0, "amount_tax" => 0}, "ui_mode" => "hosted", "url" => nil, "wallet_options" => nil}}, "livemode" => false, "pending_webhooks" => 2, "request" => {"id" => nil, "idempotency_key" => "[FILTERED]"}, "type" => "checkout.session.completed"}}
  [1m[36mOrganization Load (1.8ms)[0m  [1m[34mSELECT "organizations".* FROM "organizations" WHERE "organizations"."id" = 1 LIMIT 1 /*action='stripe',application='MeetingRails',controller='webhooks'*/[0m
  ↳ app/controllers/webhooks_controller.rb:31:in 'WebhooksController#handle_checkout_completed'
Completed 200 OK in 750ms (Views: 0.2ms | ActiveRecord: 26.6ms (1 query, 0 cached) | GC: 0.0ms)


